Git_Hub_TXT. HW_1

1. Создать внешний репозиторий c названием TXT.
https://github.com/DmitryMedved/TXT

2. Клонировать репозиторий TXT на локальный компьютер.
medved@DESKTOP-59DF4KB MINGW64 /c
$ mkdir txt

medved@DESKTOP-59DF4KB MINGW64 /c
$ cd txt

medved@DESKTOP-59DF4KB MINGW64 /c/txt
$ git clone https://github.com/DmitryMedved/TXT.git
Cloning into 'TXT'...
remote: Enumerating objects: 3, done.
remote: Counting objects: 100% (3/3), done.
remote: Total 3 (delta 0), reused 0 (delta 0), pack-reused 0
Receiving objects: 100% (3/3), done.

medved@DESKTOP-59DF4KB MINGW64 /c/txt
$ cd txt

medved@DESKTOP-59DF4KB MINGW64 /c/txt/txt (main)
$ ls -la
total 5
drwxr-xr-x 1 medved 197121 0 Jun 15 20:12 ./
drwxr-xr-x 1 medved 197121 0 Jun 15 20:12 ../
drwxr-xr-x 1 medved 197121 0 Jun 15 20:12 .git/
-rw-r--r-- 1 medved 197121 5 Jun 15 20:12 README.md

3. Внутри локального TXT создать файл “new.txt”.
medved@DESKTOP-59DF4KB MINGW64 /c/txt/txt (main)
$ touch new.txt

medved@DESKTOP-59DF4KB MINGW64 /c/txt/txt (main)
$ ls -la
total 5
drwxr-xr-x 1 medved 197121 0 Jun 15 20:15 ./
drwxr-xr-x 1 medved 197121 0 Jun 15 20:12 ../
drwxr-xr-x 1 medved 197121 0 Jun 15 20:12 .git/
-rw-r--r-- 1 medved 197121 5 Jun 15 20:12 README.md
-rw-r--r-- 1 medved 197121 0 Jun 15 20:15 new.txt

4. Добавить файл под гит.
medved@DESKTOP-59DF4KB MINGW64 /c/txt/txt (main)
$ git status
On branch main
Your branch is up to date with 'origin/main'.

Untracked files:
  (use "git add <file>..." to include in what will be committed)
        new.txt

nothing added to commit but untracked files present (use "git add" to track)

medved@DESKTOP-59DF4KB MINGW64 /c/txt/txt (main)
$ git add new.txt

medved@DESKTOP-59DF4KB MINGW64 /c/txt/txt (main)
$ git status
On branch main
Your branch is up to date with 'origin/main'.

Changes to be committed:
  (use "git restore --staged <file>..." to unstage)
        new file:   new.txt

5. Закоммитить файл.
medved@DESKTOP-59DF4KB MINGW64 /c/txt/txt (main)
$ git commit -m "add the new.txt"
[main 779540f] add the new.txt
 1 file changed, 0 insertions(+), 0 deletions(-)
 create mode 100644 new.txt

6. Отправить файл на внешний GitHub репозиторий.
medved@DESKTOP-59DF4KB MINGW64 /c/txt/txt (main)
$ git push
Enumerating objects: 4, done.
Counting objects: 100% (4/4), done.
Delta compression using up to 8 threads
Compressing objects: 100% (2/2), done.
Writing objects: 100% (3/3), 280 bytes | 280.00 KiB/s, done.
Total 3 (delta 0), reused 0 (delta 0), pack-reused 0
To https://github.com/DmitryMedved/TXT.git
   621f6c8..779540f  main -> main

7. Отредактировать содержание файла “new.txt” - написать информацию о себе (ФИО, возраст, количество домашних животных, будущая желаемая зарплата). Всё написать в формате TXT.
medved@DESKTOP-59DF4KB MINGW64 /c/txt/txt (main)
$ cat >> new.txt
first_name=Dmitry
last_name=Medved
age=38
number_of_pets=null
future_desire_salary=1000

8. Отправить изменения на внешний репозиторий.
medved@DESKTOP-59DF4KB MINGW64 /c/txt/txt (main)
$ git status
On branch main
Your branch is up to date with 'origin/main'.

Changes not staged for commit:
  (use "git add <file>..." to update what will be committed)
  (use "git restore <file>..." to discard changes in working directory)
        modified:   new.txt

no changes added to commit (use "git add" and/or "git commit -a")

medved@DESKTOP-59DF4KB MINGW64 /c/txt/txt (main)
$ git add new.txt
warning: LF will be replaced by CRLF in new.txt.
The file will have its original line endings in your working directory

medved@DESKTOP-59DF4KB MINGW64 /c/txt/txt (main)
$ git status
On branch main
Your branch is up to date with 'origin/main'.

Changes to be committed:
  (use "git restore --staged <file>..." to unstage)
        modified:   new.txt


medved@DESKTOP-59DF4KB MINGW64 /c/txt/txt (main)
$ git commit -m "add modified new.txt"
[main 6aeb15b] add modified new.txt
 1 file changed, 5 insertions(+)

medved@DESKTOP-59DF4KB MINGW64 /c/txt/txt (main)
$ git push
Enumerating objects: 5, done.
Counting objects: 100% (5/5), done.
Delta compression using up to 8 threads
Compressing objects: 100% (3/3), done.
Writing objects: 100% (3/3), 365 bytes | 365.00 KiB/s, done.
Total 3 (delta 0), reused 0 (delta 0), pack-reused 0
To https://github.com/DmitryMedved/TXT.git
   779540f..6aeb15b  main -> main

9. Создать файл preferences.txt
medved@DESKTOP-59DF4KB MINGW64 /c/txt/txt (main)
$ touch preferences.txt

10. В файл preferences.txt” добавить информацию о своих предпочтениях (Любимый фильм, любимый сериал, любимая еда, любимое время года, сторона которую хотели бы посетить) в формате TXT.
medved@DESKTOP-59DF4KB MINGW64 /c/txt/txt (main)
$ cat >> preferences.txt
favorite_movie=Taxi
favourite_TV_show=Dr. House
favorite_food=Pizza
favorite_time_of_the_year=Summer
country_you_would_like_to_visit=USA

11. Создать файл sklls.txt добавить информацию о скиллах которые будут изучены на курсе в формате TXT
medved@DESKTOP-59DF4KB MINGW64 /c/txt/txt (main)
$ cat >> sklls.txt
information_learned_in_the_course=GitBash, GitHub, XML. TXT, JSON

12. Сделать коммит в одну строку.
medved@DESKTOP-59DF4KB MINGW64 /c/txt/txt (main)
$ git status
On branch main
Your branch is up to date with 'origin/main'.

Untracked files:
  (use "git add <file>..." to include in what will be committed)
        preferences.txt
        sklls.txt

nothing added to commit but untracked files present (use "git add" to track)

medved@DESKTOP-59DF4KB MINGW64 /c/txt/txt (main)
$ git add preferences.txt sklls.txt

medved@DESKTOP-59DF4KB MINGW64 /c/txt/txt (main)
$ git status
On branch main
Your branch is up to date with 'origin/main'.

Changes to be committed:
  (use "git restore --staged <file>..." to unstage)
        new file:   preferences.txt
        new file:   sklls.txt

medved@DESKTOP-59DF4KB MINGW64 /c/txt/txt (main)
$ git commit -m "add 2 txt files"
[main 526dbfb] add 2 txt files
 2 files changed, 1 insertion(+)
 create mode 100644 preferences.txt
 create mode 100644 sklls.txt

medved@DESKTOP-59DF4KB MINGW64 /c/txt/txt (main)
$ git push
Enumerating objects: 5, done.
Counting objects: 100% (5/5), done.
Delta compression using up to 8 threads
Compressing objects: 100% (3/3), done.
Writing objects: 100% (4/4), 422 bytes | 422.00 KiB/s, done.
Total 4 (delta 0), reused 0 (delta 0), pack-reused 0
To https://github.com/DmitryMedved/TXT.git
   6aeb15b..526dbfb  main -> main

13. Отправить сразу 2 файла на внешний репозиторий.

Уже отправил в п. 13

14. На веб интерфейсе создать файл bug_report.txt.

Создал.

medved@DESKTOP-59DF4KB MINGW64 /c/txt/txt (main)
$ git fetch
remote: Enumerating objects: 4, done.
remote: Counting objects: 100% (4/4), done.
remote: Compressing objects: 100% (2/2), done.
remote: Total 3 (delta 1), reused 0 (delta 0), pack-reused 0
Unpacking objects: 100% (3/3), 655 bytes | 93.00 KiB/s, done.
From https://github.com/DmitryMedved/TXT
   526dbfb..b14dd54  main       -> origin/main

15. Сделать Commit changes (сохранить) изменения на веб интерфейсе.
medved@DESKTOP-59DF4KB MINGW64 /c/txt/txt (main)
$ git pull
Updating 526dbfb..b14dd54
Fast-forward
 bug_report.txt | 1 +
 1 file changed, 1 insertion(+)
 create mode 100644 bug_report.txt

medved@DESKTOP-59DF4KB MINGW64 /c/txt/txt (main)
$ ls -la
total 12
drwxr-xr-x 1 medved 197121  0 Jun 15 22:44 ./
drwxr-xr-x 1 medved 197121  0 Jun 15 20:12 ../
drwxr-xr-x 1 medved 197121  0 Jun 15 22:44 .git/
-rw-r--r-- 1 medved 197121  5 Jun 15 20:12 README.md
-rw-r--r-- 1 medved 197121  2 Jun 15 22:44 bug_report.txt
-rw-r--r-- 1 medved 197121 98 Jun 15 20:51 new.txt
-rw-r--r-- 1 medved 197121  0 Jun 15 20:55 preferences.txt
-rw-r--r-- 1 medved 197121 71 Jun 15 21:41 sklls.txt

16. На веб интерфейсе модифицировать файл bug_report.txt, добавить баг репорт в формате TXT.

Bug_report=1
Project=www.ameno.ru
Sammary=Search in the dream book on the main page, using Russian words, does not work correctly
Number_version=0.0001
Severity=Major
Priority=Medium
Status=New
Reporter=Dmitry Medved 
Assign_to=Alex Bulat
Steps_to_reproduce=1. Open the main page of the site: http://www.ameno.ru/. At the bottom of the page we find the section: DREAM BOOK 2. Enter a search term, such as "night 3. Click the "Find" button"
Actual_result=The request was not validated
Expected_Result=The search was successful, the description of the desired dream is shown correctly

17. Сделать Commit changes (сохранить) изменения на веб интерфейсе.
medved@DESKTOP-59DF4KB MINGW64 /c/txt/TXT (main)
$ git fetch
remote: Enumerating objects: 9, done.
remote: Counting objects: 100% (9/9), done.
remote: Compressing objects: 100% (6/6), done.
remote: Total 6 (delta 2), reused 0 (delta 0), pack-reused 0
Unpacking objects: 100% (6/6), 1.66 KiB | 131.00 KiB/s, done.
From https://github.com/DmitryMedved/TXT
   bacdba6..353c29d  main       -> origin/main

18. Синхронизировать внешний и локальный репозиторий TXT
medved@DESKTOP-59DF4KB MINGW64 /c/txt/TXT (main)
$ git pull
Updating bacdba6..353c29d
Fast-forward
 bug_report.txt | 13 ++++++++++++-
 sklls.txt      |  2 +-
 2 files changed, 13 insertions(+), 2 deletions(-)



 